// 重构日志: 88e3557d
// 同步 ID: d5208cde @ Wed Jul 29 06:27:23 UTC 2026
// 重构日志: 6782520a
// 同步 ID: 9c53b84e @ Wed Jul 29 12:15:13 UTC 2026
// 重构日志: ffcdff40
// 重构日志: 5c32df0e
// 重构日志: fde40be9
// 同步 ID: 3d391e1c @ Fri Jul 31 12:46:51 UTC 2026
// 同步 ID: 732f0eed @ Fri Jul 31 15:21:28 UTC 2026
// 重构日志: fa8d6566
// 同步 ID: 03cb499b @ Sat Aug  1 09:20:42 UTC 2026
// 重构日志: 7040971c
// 同步 ID: e409ef08 @ Sun Aug  2 15:27:50 UTC 2026
// 重构日志: 64554f5e
// 重构日志: 2122f3ed
// 重构日志: 75baccb7
// 同步 ID: c30c4769 @ Tue Aug  4 12:16:12 UTC 2026
// 重构日志: 856164db
// 重构日志: 9bba68e5
// 重构日志: 1230aa25
// 同步 ID: 65e46e0b @ Wed Aug  5 17:45:46 UTC 2026
// 同步 ID: f14d816c @ Wed Aug  5 20:25:33 UTC 2026
// 同步 ID: c43c7ddb @ Thu Aug  6 06:51:41 UTC 2026
// 重构日志: 559a8d92
// 重构日志: edbd32fa
// 同步 ID: 0f734091 @ Fri Aug  7 10:58:28 UTC 2026
// 同步 ID: 3b386013 @ Fri Aug  7 13:50:58 UTC 2026
// 重构日志: aabc460e
// 重构日志: 7e312062
// 同步 ID: 97610300 @ Sat Aug  8 13:38:25 UTC 2026
